mode: atomic
github.com/dioptra-io/retina-api/main.go:33.13,34.30 1 0
github.com/dioptra-io/retina-api/main.go:34.30,37.3 2 0
github.com/dioptra-io/retina-api/main.go:40.18,60.16 9 0
github.com/dioptra-io/retina-api/main.go:60.16,62.3 1 0
github.com/dioptra-io/retina-api/main.go:64.2,72.16 2 0
github.com/dioptra-io/retina-api/main.go:72.16,74.3 1 0
github.com/dioptra-io/retina-api/main.go:76.2,86.67 4 0
github.com/dioptra-io/retina-api/main.go:86.67,88.3 1 0
github.com/dioptra-io/retina-api/main.go:90.2,91.12 2 0
github.com/dioptra-io/retina-api/main.go:96.112,98.16 2 3
github.com/dioptra-io/retina-api/main.go:98.16,100.3 1 1
github.com/dioptra-io/retina-api/main.go:102.2,108.12 4 2
github.com/dioptra-io/retina-api/main.go:108.12,110.80 2 2
github.com/dioptra-io/retina-api/main.go:110.80,112.4 1 0
github.com/dioptra-io/retina-api/main.go:115.2,115.17 1 2
github.com/dioptra-io/retina-api/main.go:118.61,121.57 3 1
github.com/dioptra-io/retina-api/main.go:121.57,123.3 1 0
github.com/dioptra-io/retina-api/main.go:124.2,124.41 1 1
github.com/dioptra-io/retina-api/main.go:127.43,129.55 2 5
github.com/dioptra-io/retina-api/main.go:129.55,131.3 1 1
github.com/dioptra-io/retina-api/main.go:132.2,134.5 1 5
github.com/dioptra-io/retina-api/main.go:137.43,138.34 1 2
github.com/dioptra-io/retina-api/main.go:138.34,140.3 1 1
github.com/dioptra-io/retina-api/main.go:141.2,141.12 1 1
github.com/dioptra-io/retina-api/main.go:144.47,145.34 1 2
github.com/dioptra-io/retina-api/main.go:145.34,147.17 2 1
github.com/dioptra-io/retina-api/main.go:147.17,150.4 2 0
github.com/dioptra-io/retina-api/main.go:151.3,151.11 1 1
github.com/dioptra-io/retina-api/main.go:153.2,153.12 1 1
github.com/dioptra-io/retina-api/main.go:156.72,157.34 1 2
github.com/dioptra-io/retina-api/main.go:157.34,159.17 2 1
github.com/dioptra-io/retina-api/main.go:159.17,162.4 2 0
github.com/dioptra-io/retina-api/main.go:163.3,163.11 1 1
github.com/dioptra-io/retina-api/main.go:165.2,165.12 1 1
github.com/dioptra-io/retina-api/docs/docs.go:161.13,163.2 1 0
github.com/dioptra-io/retina-api/internal/api/metrics.go:20.58,41.2 2 21
github.com/dioptra-io/retina-api/internal/api/ringbuffer.go:23.72,25.19 1 343
github.com/dioptra-io/retina-api/internal/api/ringbuffer.go:25.19,27.3 1 1
github.com/dioptra-io/retina-api/internal/api/ringbuffer.go:28.2,28.22 1 342
github.com/dioptra-io/retina-api/internal/api/ringbuffer.go:28.22,30.3 1 1
github.com/dioptra-io/retina-api/internal/api/ringbuffer.go:32.2,33.40 2 341
github.com/dioptra-io/retina-api/internal/api/ringbuffer.go:33.40,35.3 1 5
github.com/dioptra-io/retina-api/internal/api/ringbuffer.go:36.2,39.30 4 341
github.com/dioptra-io/retina-api/internal/api/ringbuffer.go:39.30,40.23 1 25
github.com/dioptra-io/retina-api/internal/api/ringbuffer.go:40.23,42.4 1 5
github.com/dioptra-io/retina-api/internal/api/ringbuffer.go:44.3,44.21 1 20
github.com/dioptra-io/retina-api/internal/api/ringbuffer.go:46.2,49.44 4 336
github.com/dioptra-io/retina-api/internal/api/ringbuffer.go:55.35,56.19 1 39
github.com/dioptra-io/retina-api/internal/api/ringbuffer.go:56.19,58.3 1 1
github.com/dioptra-io/retina-api/internal/api/ringbuffer.go:59.2,61.42 3 38
github.com/dioptra-io/retina-api/internal/api/ringbuffer.go:61.42,64.3 2 38
github.com/dioptra-io/retina-api/internal/api/ringbuffer.go:70.44,72.2 1 542
github.com/dioptra-io/retina-api/internal/api/ringbuffer.go:90.65,91.19 1 44
github.com/dioptra-io/retina-api/internal/api/ringbuffer.go:91.19,93.3 1 1
github.com/dioptra-io/retina-api/internal/api/ringbuffer.go:94.2,101.8 2 43
github.com/dioptra-io/retina-api/internal/api/ringbuffer.go:106.57,115.2 5 38
github.com/dioptra-io/retina-api/internal/api/ringbuffer.go:119.41,126.34 6 379
github.com/dioptra-io/retina-api/internal/api/ringbuffer.go:126.34,127.26 1 584
github.com/dioptra-io/retina-api/internal/api/ringbuffer.go:127.26,131.4 3 229
github.com/dioptra-io/retina-api/internal/api/ringbuffer.go:134.2,135.16 2 379
github.com/dioptra-io/retina-api/internal/api/server.go:67.55,68.26 1 14
github.com/dioptra-io/retina-api/internal/api/server.go:68.26,70.3 1 5
github.com/dioptra-io/retina-api/internal/api/server.go:71.2,71.27 1 14
github.com/dioptra-io/retina-api/internal/api/server.go:71.27,73.3 1 1
github.com/dioptra-io/retina-api/internal/api/server.go:75.2,76.19 2 13
github.com/dioptra-io/retina-api/internal/api/server.go:76.19,78.3 1 6
github.com/dioptra-io/retina-api/internal/api/server.go:79.2,80.16 2 13
github.com/dioptra-io/retina-api/internal/api/server.go:80.16,82.3 1 0
github.com/dioptra-io/retina-api/internal/api/server.go:84.2,93.16 3 13
github.com/dioptra-io/retina-api/internal/api/server.go:93.16,95.3 1 1
github.com/dioptra-io/retina-api/internal/api/server.go:96.2,100.16 4 12
github.com/dioptra-io/retina-api/internal/api/server.go:100.16,103.3 2 1
github.com/dioptra-io/retina-api/internal/api/server.go:104.2,115.15 7 11
github.com/dioptra-io/retina-api/internal/api/server.go:119.60,120.12 1 1
github.com/dioptra-io/retina-api/internal/api/server.go:120.12,122.50 2 1
github.com/dioptra-io/retina-api/internal/api/server.go:122.50,124.4 1 0
github.com/dioptra-io/retina-api/internal/api/server.go:127.2,129.84 2 1
github.com/dioptra-io/retina-api/internal/api/server.go:129.84,132.3 2 0
github.com/dioptra-io/retina-api/internal/api/server.go:133.2,133.12 1 1
github.com/dioptra-io/retina-api/internal/api/server.go:137.53,142.34 4 2
github.com/dioptra-io/retina-api/internal/api/server.go:142.34,144.3 1 1
github.com/dioptra-io/retina-api/internal/api/server.go:145.2,149.92 4 2
github.com/dioptra-io/retina-api/internal/api/server.go:149.92,152.3 2 0
github.com/dioptra-io/retina-api/internal/api/server.go:153.2,153.12 1 2
github.com/dioptra-io/retina-api/internal/api/server.go:160.33,161.6 1 8
github.com/dioptra-io/retina-api/internal/api/server.go:161.6,163.17 2 16
github.com/dioptra-io/retina-api/internal/api/server.go:163.17,164.37 1 8
github.com/dioptra-io/retina-api/internal/api/server.go:164.37,166.5 1 8
github.com/dioptra-io/retina-api/internal/api/server.go:167.4,168.10 2 0
github.com/dioptra-io/retina-api/internal/api/server.go:170.3,170.30 1 8
github.com/dioptra-io/retina-api/internal/api/server.go:179.50,185.15 5 8
github.com/dioptra-io/retina-api/internal/api/server.go:185.15,191.21 6 8
github.com/dioptra-io/retina-api/internal/api/server.go:191.21,193.4 1 7
github.com/dioptra-io/retina-api/internal/api/server.go:196.2,196.6 1 8
github.com/dioptra-io/retina-api/internal/api/server.go:196.6,198.60 2 19
github.com/dioptra-io/retina-api/internal/api/server.go:198.60,199.65 1 8
github.com/dioptra-io/retina-api/internal/api/server.go:199.65,201.5 1 0
github.com/dioptra-io/retina-api/internal/api/server.go:202.4,202.10 1 8
github.com/dioptra-io/retina-api/internal/api/server.go:205.3,206.17 2 11
github.com/dioptra-io/retina-api/internal/api/server.go:206.17,208.12 2 1
github.com/dioptra-io/retina-api/internal/api/server.go:211.3,212.17 2 10
github.com/dioptra-io/retina-api/internal/api/server.go:212.17,214.12 2 2
github.com/dioptra-io/retina-api/internal/api/server.go:217.3,218.36 2 8
github.com/dioptra-io/retina-api/internal/api/server.go:228.89,229.46 1 10
github.com/dioptra-io/retina-api/internal/api/server.go:229.46,231.3 1 1
github.com/dioptra-io/retina-api/internal/api/server.go:232.2,232.44 1 9
github.com/dioptra-io/retina-api/internal/api/server.go:232.44,234.3 1 1
github.com/dioptra-io/retina-api/internal/api/server.go:236.2,245.25 2 8
github.com/dioptra-io/retina-api/internal/api/server.go:245.25,252.3 1 1
github.com/dioptra-io/retina-api/internal/api/server.go:253.2,253.24 1 8
github.com/dioptra-io/retina-api/internal/api/server.go:253.24,260.3 1 1
github.com/dioptra-io/retina-api/internal/api/server.go:261.2,261.17 1 8
github.com/dioptra-io/retina-api/internal/api/server.go:272.71,277.9 5 5
github.com/dioptra-io/retina-api/internal/api/server.go:277.9,281.3 3 1
github.com/dioptra-io/retina-api/internal/api/server.go:283.2,294.6 9 4
github.com/dioptra-io/retina-api/internal/api/server.go:294.6,296.17 2 6
github.com/dioptra-io/retina-api/internal/api/server.go:296.17,298.4 1 3
github.com/dioptra-io/retina-api/internal/api/server.go:299.3,299.61 1 3
github.com/dioptra-io/retina-api/internal/api/server.go:299.61,302.4 2 1
github.com/dioptra-io/retina-api/internal/api/server.go:303.3,304.41 2 3
github.com/dioptra-io/retina-api/internal/api/server.go:304.41,306.4 1 1
github.com/dioptra-io/retina-api/internal/api/server.go:307.3,307.18 1 2
